<!DOCTYPE html>
<html lang="en">
  <head>
    <meta charset="utf-8" />
    <title><!-- Expression: title --></title>
    <meta name="description" content="<!-- Expression: description -->" />
  </head>
  <body>
    <h1><!-- Expression: title --></h1>
    <p>This is a simple test page.</p>
  </body>
</html>