<!DOCTYPE html>
<html lang="en">
  <head>
    <meta charset="utf-8" />
    <title>Component Test</title>
  </head>
  <body>
    <h1>Hello <!-- Expression: name -->!</h1>
    <!-- Component: Counter -->
    <p>This page has interactive components.</p>
  </body>
</html>